=== 第 1 次对账：全新材料 ===
[1/6] 加载账务流水与业务工单...
      流水 5 条，工单 4 条
[2/6] 执行对账引擎...
      顺利: 2 | 待确认: 1 | 异常: 1 | 拦截迁移重复: 1
[3/6] 保存回滚日志（2 条）...
[4/6] 检测数据字典新字段 & 联动权限审计...
      新增字段 1 个，权限审计 1 条
[5/6] 生成 HTML 报告...
      报告: ./output/recon_report.html
[6/6] 更新幂等状态...

==================================================
对账完成 | 会话: 2c61927fc3184dfe
顺利: 2 | 待确认: 1 | 异常: 1 | 拦截: 1
报告: ./output/recon_report.html

⚠ 拦截说明: 1 条流水因迁移重复执行被拦截。
   拦截原因: 同一迁移批次被多次执行会导致账务金额重复累加。
   查看回滚日志: ./output/rollback_log.json
==================================================
rc= 0 

=== 对账后补充回滚记录（非一次性判断，追加机制） ===
目标回滚ID: 73366d7b9fb7
[OK] 回滚记录 73366d7b9fb7 已追加说明，状态: supplemented
rc= 0 

=== 补录数据字典（并联动权限审计） ===
[OK] 数据字典字段「remark」已补录，权限审计已联动更新
     审计ID: 65d196f2cf66
rc= 0 

=== 处理权限审计（审核通过） ===
处理审计ID: 7406b2c8677c
[OK] 权限审计 7406b2c8677c 已处理，动作: review
rc= 0 

=== 解决回滚记录 ===
[OK] 回滚记录 73366d7b9fb7 已解决
rc= 0 

=== 第 2 次对账：同批材料重复执行（幂等验证） ===
[INFO] 检测到同批材料重复执行（指纹匹配），第 2 次运行，结果将覆盖更新
[1/6] 加载账务流水与业务工单...
      流水 5 条，工单 4 条
[2/6] 执行对账引擎...
      顺利: 2 | 待确认: 1 | 异常: 1 | 拦截迁移重复: 1
[3/6] 保存回滚日志（2 条）...
      无新增回滚记录（幂等覆盖）
[4/6] 检测数据字典新字段 & 联动权限审计...
      新增字段 0 个，权限审计 0 条
[5/6] 生成 HTML 报告...
      报告: ./output/recon_report.html
[6/6] 更新幂等状态...

==================================================
对账完成 | 会话: 91e5f166a05343dc
顺利: 2 | 待确认: 1 | 异常: 1 | 拦截: 1
报告: ./output/recon_report.html

⚠ 拦截说明: 1 条流水因迁移重复执行被拦截。
   拦截原因: 同一迁移批次被多次执行会导致账务金额重复累加。
   查看回滚日志: ./output/rollback_log.json
==================================================
rc= 0
